
> stanstore@0.1.0 build
> npm run test:security && next build --webpack


> stanstore@0.1.0 test:security
> vitest run src/tests/env.security.test.ts


[1m[46m RUN [49m[22m [36mv4.0.18 [39m[90mC:/Users/gomez/Documents/StanStore[39m

node.exe : [90mstderr[2m | src/tests/env.security.test.ts[2m > 
[22m[2mEnvironment Security Audit[2m > [22m[2mshould ideally have 
SUPABASE_SERVICE_ROLE_KEY defined for server-side usage
En línea: 1 Carácter: 1
+ & "C:\Program Files\nodejs/node.exe" "C:\Program Files\nodejs/node_mo ...
+ ~~~~~~~~~~~~~~~~~~~~~~~~~~~~~~~~~~~~~~~~~~~~~~~~~~~~~~~~~~~~~~~~~~~~~
    + CategoryInfo          : NotSpecified: ([90mstderr[2m...rver-side usage:St 
   ring) [], RemoteException
    + FullyQualifiedErrorId : NativeCommandError
 
[22m[39mÔÜá´©Å WARNING: SUPABASE_SERVICE_ROLE_KEY is missing in test 
environment. Ideally it should be set.

 [32mÔ£ô[39m [30m[43m security [49m[39m src/tests/env.security.test.ts [2m([22m[2m2 tests[22m[2m)[22m[32m 7[2mms[22m[39m

[2m Test Files [22m [1m[32m1 passed[39m[22m[90m (1)[39m
[2m      Tests [22m [1m[32m2 passed[39m[22m[90m (2)[39m
[2m   Start at [22m 20:01:41
[2m   Duration [22m 343ms[2m (transform 39ms, setup 0ms, import 69ms, tests 7ms, environment 0ms)[22m

Ôû▓ Next.js 16.1.6 (webpack)
- Environments: .env.local
- Experiments (use with caution):
  ┬À clientTraceMetadata
  Ô£ô useCache

ÔÜá The "middleware" file convention is deprecated. Please use "proxy" instead. 
Learn more: https://nextjs.org/docs/messages/middleware-to-proxy
  Creating an optimized production build ...
[@sentry/nextjs] Could not find `onRequestError` hook in instrumentation file. 
This indicates outdated configuration of the Sentry SDK. Use 
`Sentry.captureRequestError` to instrument the `onRequestError` hook: https://docs
.sentry.io/platforms/javascript/guides/nextjs/manual-setup/#errors-from-nested-rea
ct-server-components
 Ô£ô (pwa) Compiling for server...
 Ô£ô (pwa) Compiling for server...
 Ô£ô (pwa) Compiling for client (static)...
 Ôùï (pwa) Service worker: C:\Users\gomez\Documents\StanStore\public\sw.js
 Ôùï (pwa)   URL: /sw.js
 Ôùï (pwa)   Scope: /
[@sentry/nextjs] DEPRECATION WARNING: It is recommended renaming your 
`sentry.client.config.ts` file, or moving its content to 
`instrumentation-client.ts`. When using Turbopack `sentry.client.config.ts` will 
no longer work. Read more about the `instrumentation-client.ts` file: 
https://nextjs.org/docs/app/api-reference/file-conventions/instrumentation-client
<w> [webpack.cache.PackFileCacheStrategy] Serializing big strings (133kiB) 
impacts deserialization performance (consider using Buffer instead and decode 
when needed)
Failed to compile.

./src/features/product/services/artistService.ts
Error:   x You're importing a component that needs "cacheLife". That only works 
in a Server Component which is not supported in the pages/ directory. Read more: 
https://nextjs.org/docs/app/building-your-application/rendering/server-components
  |

   ,-[C:\Users\gomez\Documents\StanStore\src\features\product\services\artistServi
ce.ts:2:1]
 1 | import { supabase } from '@/lib/supabaseClient';
 2 | import { cacheLife } from 'next/cache';
   :          ^^^^^^^^^
 3 | 
 4 | export interface Artist {
 4 |     id: string;
   `----
  x It is not allowed to define inline "use cache" annotated functions in Client 
Components.
  | To use "use cache" functions in a Client Component, you can either export 
them from a separate file with "use cache" or "use server" at the top, or pass 
them down through props from a Server Component.

    ,-[C:\Users\gomez\Documents\StanStore\src\features\product\services\artistServ
ice.ts:26:1]
 23 |     locale: string = 'es',
 24 |     options: GetArtistsOptions = {}
 25 | ): Promise<Artist[]> {
 26 |     "use cache";
    :     ^^^^^^^^^^^
 27 |     cacheLife('hours');
 28 |     const { genre, orderBy = 'name' } = options;
 28 | 
    `----

Import trace for requested module:
./src/features/product/services/artistService.ts
./src/features/product/index.ts
./src/app/[locale]/HomeContent.tsx


> Build failed because of webpack errors
