[33mWarning: Starting in Storybook 8.5.0-alpha.18, the "test.include" option in Vitest is discouraged in favor of just using the "stories" field in your Storybook configuration.

The values you passed to "test.include" will be ignored, please remove them from your Vitest configuration where the Storybook plugin is applied.

More info: https://github.com/storybookjs/storybook/blob/next/MIGRATION.md#addon-test-indexing-behavior-of-storybookaddon-test-is-changed[39m

[1m[44m DEV [49m[22m [34mv4.0.18 [39m[90mC:/Users/gomez/Documents/StanStore[39m

 [31mÔØ»[39m [30m[42m unit [49m[39m src/tests/i18n.test.tsx [2m([22m[2m3 tests[22m[2m | [22m[31m3 failed[39m[2m)[22m[32m 43[2mms[22m[39m
[31m     [31m├ù[31m Test 1 (Independencia): Cambiar idioma no debe afectar la moneda[39m[32m 38[2mms[22m[39m
[31m     [31m├ù[31m Test 2 (Cambio de Moneda): Seleccionar moneda actualiza cookie y precios[39m[32m 1[2mms[22m[39m
[31m     [31m├ù[31m Test 2b (Cambio de Moneda a KRW): Seleccionar KRW actualiza correctamente[39m[32m 1[2mms[22m[39m
node.exe : 
En línea: 1 Carácter: 1
+ & "C:\Program Files\nodejs/node.exe" "C:\Program Files\nodejs/node_mo ...
+ ~~~~~~~~~~~~~~~~~~~~~~~~~~~~~~~~~~~~~~~~~~~~~~~~~~~~~~~~~~~~~~~~~~~~~
    + CategoryInfo          : NotSpecified: (:String) [], RemoteException
    + FullyQualifiedErrorId : NativeCommandError
 
[31mÔÄ»ÔÄ»ÔÄ»ÔÄ»ÔÄ»ÔÄ»ÔÄ»[39m[1m[41m Failed Tests 3 
[49m[22m[31mÔÄ»ÔÄ»ÔÄ»ÔÄ»ÔÄ»ÔÄ»ÔÄ»[39m

[41m[1m FAIL [22m[49m [30m[42m unit [49m[39m src/tests/i18n.test.tsx[2m > 
[22mI18n & Currency Integration[2m > [22mTest 1 (Independencia): Cambiar idioma no 
debe afectar la moneda
[41m[1m FAIL [22m[49m [30m[42m unit [49m[39m src/tests/i18n.test.tsx[2m > 
[22mI18n & Currency Integration[2m > [22mTest 2 (Cambio de Moneda): Seleccionar 
moneda actualiza cookie y precios
[41m[1m FAIL [22m[49m [30m[42m unit [49m[39m src/tests/i18n.test.tsx[2m > 
[22mI18n & Currency Integration[2m > [22mTest 2b (Cambio de Moneda a KRW): 
Seleccionar KRW actualiza correctamente
[31m[1mTypeError[22m: getCookie.mockReturnValue is not a function[39m
[90m [2mÔØ»[22m src/tests/i18n.test.tsx:[2m68:19[22m[39m

[31m[2mÔÄ»ÔÄ»ÔÄ»ÔÄ»ÔÄ»ÔÄ»ÔÄ»ÔÄ»ÔÄ»ÔÄ»ÔÄ»ÔÄ»ÔÄ»ÔÄ»ÔÄ»ÔÄ»ÔÄ»ÔÄ»ÔÄ»ÔÄ»ÔÄ»ÔÄ»ÔÄ»ÔÄ»[1/3]Ô
Ä»[22m[39m


[2m Test Files [22m [1m[31m1 failed[39m[22m[90m (1)[39m
[2m      Tests [22m [1m[31m3 failed[39m[22m[90m (3)[39m
[2m   Start at [22m 11:12:25
[2m   Duration [22m 2.63s[2m (transform 131ms, setup 246ms, import 550ms, tests 43ms, environment 1.50s)[22m

[1m[41m FAIL [49m[22m [31mTests failed. Watching for file changes...[39m
       [2mpress [22m[1mh[22m[2m to show help[22m[2m, [22m[2mpress [22m[1mq[22m[2m to quit[22m
c[3J[1m[44m RERUN [49m[22m [34m[2msrc/tests/i18n.test.tsx [22m[34mx1 [34m[39m
       [2m Filename pattern: [22m[34msrc/tests/i18n.test.tsx[39m

 [31mÔØ»[39m [30m[42m unit [49m[39m src/tests/i18n.test.tsx [2m([22m[2m3 tests[22m[2m | [22m[31m3 failed[39m[2m)[22m[32m 28[2mms[22m[39m
[31m     [31m├ù[31m Test 1 (Independencia): Cambiar idioma no debe afectar la moneda[39m[32m 24[2mms[22m[39m
[31m     [31m├ù[31m Test 2 (Cambio de Moneda): Seleccionar moneda actualiza cookie y precios[39m[32m 1[2mms[22m[39m
[31m     [31m├ù[31m Test 2b (Cambio de Moneda a KRW): Seleccionar KRW actualiza correctamente[39m[32m 1[2mms[22m[39m

[31mÔÄ»ÔÄ»ÔÄ»ÔÄ»ÔÄ»ÔÄ»ÔÄ»[39m[1m[41m Failed Tests 3 
[49m[22m[31mÔÄ»ÔÄ»ÔÄ»ÔÄ»ÔÄ»ÔÄ»ÔÄ»[39m

[41m[1m FAIL [22m[49m [30m[42m unit [49m[39m src/tests/i18n.test.tsx[2m > 
[22mI18n & Currency Integration[2m > [22mTest 1 (Independencia): Cambiar idioma no 
debe afectar la moneda
[41m[1m FAIL [22m[49m [30m[42m unit [49m[39m src/tests/i18n.test.tsx[2m > 
[22mI18n & Currency Integration[2m > [22mTest 2 (Cambio de Moneda): Seleccionar 
moneda actualiza cookie y precios
[41m[1m FAIL [22m[49m [30m[42m unit [49m[39m src/tests/i18n.test.tsx[2m > 
[22mI18n & Currency Integration[2m > [22mTest 2b (Cambio de Moneda a KRW): 
Seleccionar KRW actualiza correctamente
[31m[1mTypeError[22m: getCookie.mockReturnValue is not a function[39m
[36m [2mÔØ»[22m src/tests/i18n.test.tsx:[2m80:19[22m[39m
    [90m 78| [39m        [90m// Default cookie mock behavior[39m
    [90m 79| [39m        [35mconst[39m { getCookie } [33m=[39m 
[34mrequire[39m([32m'cookies-next'[39m)[33m;[39m
    [90m 80| [39m        
getCookie[33m.[39m[34mmockReturnValue[39m(undefined)[33m;[39m
    [90m   | [39m                  [31m^[39m
    [90m 81| [39m    })[33m;[39m
    [90m 82| [39m


[31m[2mÔÄ»ÔÄ»ÔÄ»ÔÄ»ÔÄ»ÔÄ»ÔÄ»ÔÄ»ÔÄ»ÔÄ»ÔÄ»ÔÄ»ÔÄ»ÔÄ»ÔÄ»ÔÄ»ÔÄ»ÔÄ»ÔÄ»ÔÄ»ÔÄ»ÔÄ»ÔÄ»ÔÄ»[1/3]Ô
Ä»[22m[39m

[2m Test Files [22m [1m[31m1 failed[39m[22m[90m (1)[39m
[2m      Tests [22m [1m[31m3 failed[39m[22m[90m (3)[39m
[2m   Start at [22m 11:12:28
[2m   Duration [22m 780ms

[1m[41m FAIL [49m[22m [31mTests failed. Watching for file changes...[39m
       [2mpress [22m[1mh[22m[2m to show help[22m[2m, [22m[2mpress [22m[1mq[22m[2m to quit[22m
c[3J[1m[44m RERUN [49m[22m [34m[2msrc/tests/i18n.test.tsx [22m[34mx2 [34m[39m
       [2m Filename pattern: [22m[34msrc/tests/i18n.test.tsx[39m

 [31mÔØ»[39m [30m[42m unit [49m[39m src/tests/i18n.test.tsx [2m([22m[2m0 test[22m[2m)[22m

[31mÔÄ»ÔÄ»ÔÄ»ÔÄ»ÔÄ»ÔÄ»[39m[1m[41m Failed Suites 1 
[49m[22m[31mÔÄ»ÔÄ»ÔÄ»ÔÄ»ÔÄ»ÔÄ»ÔÄ»[39m

[41m[1m FAIL [22m[49m [30m[42m unit [49m[39m src/tests/i18n.test.tsx[2m [ 
src/tests/i18n.test.tsx ][22m
[31m[1mError[22m: Cannot find module '@/components/LanguageSwitcher'
Require stack:
- C:\Users\gomez\Documents\StanStore\src\tests\i18n.test.tsx[39m
[36m [2mÔØ»[22m src/tests/i18n.test.tsx:[2m77:30[22m[39m
    [90m 75| [39m}[33m;[39m
    [90m 76| [39m[90m// Helper to render mocked component[39m
    [90m 77| [39mconst MockLanguageSwitcher = 
require('@/components/LanguageSwitcher').ÔÇª
    [90m   | [39m                             [31m^[39m
    [90m 78| [39m
    [90m 79| [39m

[31m[2mÔÄ»ÔÄ»ÔÄ»ÔÄ»ÔÄ»ÔÄ»ÔÄ»ÔÄ»ÔÄ»ÔÄ»ÔÄ»ÔÄ»ÔÄ»ÔÄ»ÔÄ»ÔÄ»ÔÄ»ÔÄ»ÔÄ»ÔÄ»ÔÄ»ÔÄ»ÔÄ»ÔÄ»[1/1]Ô
Ä»[22m[39m


[2m Test Files [22m [1m[31m1 failed[39m[22m[90m (1)[39m
[2m      Tests [22m [2mno tests[22m
[2m   Start at [22m 11:13:26
[2m   Duration [22m 289ms

[1m[41m FAIL [49m[22m [31mTests failed. Watching for file changes...[39m
       [2mpress [22m[1mh[22m[2m to show help[22m[2m, [22m[2mpress [22m[1mq[22m[2m to quit[22m
c[3J[1m[44m RERUN [49m[22m [34m[2msrc/tests/i18n.test.tsx [22m[34mx3 [34m[39m
       [2m Filename pattern: [22m[34msrc/tests/i18n.test.tsx[39m

 [31mÔØ»[39m [30m[42m unit [49m[39m src/tests/i18n.test.tsx [2m([22m[2m0 test[22m[2m)[22m

[31mÔÄ»ÔÄ»ÔÄ»ÔÄ»ÔÄ»ÔÄ»[39m[1m[41m Failed Suites 1 
[49m[22m[31mÔÄ»ÔÄ»ÔÄ»ÔÄ»ÔÄ»ÔÄ»ÔÄ»[39m

[41m[1m FAIL [22m[49m [30m[42m unit [49m[39m src/tests/i18n.test.tsx[2m [ 
src/tests/i18n.test.tsx ][22m
[31m[1mError[22m: Cannot find module '@/components/LanguageSwitcher'
Require stack:
- C:\Users\gomez\Documents\StanStore\src\tests\i18n.test.tsx[39m
[36m [2mÔØ»[22m src/tests/i18n.test.tsx:[2m74:30[22m[39m
    [90m 72| [39m}[33m;[39m
    [90m 73| [39m[90m// Helper to render mocked component[39m
    [90m 74| [39mconst MockLanguageSwitcher = 
require('@/components/LanguageSwitcher').ÔÇª
    [90m   | [39m                             [31m^[39m
    [90m 75| [39m
    [90m 76| [39m

[31m[2mÔÄ»ÔÄ»ÔÄ»ÔÄ»ÔÄ»ÔÄ»ÔÄ»ÔÄ»ÔÄ»ÔÄ»ÔÄ»ÔÄ»ÔÄ»ÔÄ»ÔÄ»ÔÄ»ÔÄ»ÔÄ»ÔÄ»ÔÄ»ÔÄ»ÔÄ»ÔÄ»ÔÄ»[1/1]Ô
Ä»[22m[39m


[2m Test Files [22m [1m[31m1 failed[39m[22m[90m (1)[39m
[2m      Tests [22m [2mno tests[22m
[2m   Start at [22m 11:14:10
[2m   Duration [22m 278ms

[1m[41m FAIL [49m[22m [31mTests failed. Watching for file changes...[39m
       [2mpress [22m[1mh[22m[2m to show help[22m[2m, [22m[2mpress [22m[1mq[22m[2m to quit[22m
c[3J[1m[44m RERUN [49m[22m [34m[2msrc/tests/i18n.test.tsx [22m[34mx4 [34m[39m
       [2m Filename pattern: [22m[34msrc/tests/i18n.test.tsx[39m

 [31mÔØ»[39m [30m[42m unit [49m[39m src/tests/i18n.test.tsx [2m([22m[2m3 tests[22m[2m | [22m[31m3 failed[39m[2m)[22m[32m 49[2mms[22m[39m
[31m     [31m├ù[31m Test 1 (Independencia): Cambiar idioma no debe afectar la moneda[39m[32m 42[2mms[22m[39m
[31m     [31m├ù[31m Test 2 (Cambio de Moneda): Seleccionar moneda actualiza cookie y precios[39m[32m 1[2mms[22m[39m
[31m     [31m├ù[31m Test 2b (Cambio de Moneda a KRW)[39m[32m 1[2mms[22m[39m

[31mÔÄ»ÔÄ»ÔÄ»ÔÄ»ÔÄ»ÔÄ»ÔÄ»[39m[1m[41m Failed Tests 3 
[49m[22m[31mÔÄ»ÔÄ»ÔÄ»ÔÄ»ÔÄ»ÔÄ»ÔÄ»[39m

[41m[1m FAIL [22m[49m [30m[42m unit [49m[39m src/tests/i18n.test.tsx[2m > 
[22mI18n & Currency Integration[2m > [22mTest 1 (Independencia): Cambiar idioma no 
debe afectar la moneda
[41m[1m FAIL [22m[49m [30m[42m unit [49m[39m src/tests/i18n.test.tsx[2m > 
[22mI18n & Currency Integration[2m > [22mTest 2 (Cambio de Moneda): Seleccionar 
moneda actualiza cookie y precios
[41m[1m FAIL [22m[49m [30m[42m unit [49m[39m src/tests/i18n.test.tsx[2m > 
[22mI18n & Currency Integration[2m > [22mTest 2b (Cambio de Moneda a KRW)
[31m[1mTypeError[22m: getCookie.mockReturnValue is not a function[39m
[36m [2mÔØ»[22m src/tests/i18n.test.tsx:[2m78:19[22m[39m
    [90m 76| [39m        vi[33m.[39m[34mclearAllMocks[39m()[33m;[39m
    [90m 77| [39m        [35mconst[39m { getCookie } [33m=[39m 
[34mrequire[39m([32m'cookies-next'[39m)[33m;[39m
    [90m 78| [39m        
getCookie[33m.[39m[34mmockReturnValue[39m(undefined)[33m;[39m
    [90m   | [39m                  [31m^[39m
    [90m 79| [39m    })[33m;[39m
    [90m 80| [39m

[31m[2mÔÄ»ÔÄ»ÔÄ»ÔÄ»ÔÄ»ÔÄ»ÔÄ»ÔÄ»ÔÄ»ÔÄ»ÔÄ»ÔÄ»ÔÄ»ÔÄ»ÔÄ»ÔÄ»ÔÄ»ÔÄ»ÔÄ»ÔÄ»ÔÄ»ÔÄ»ÔÄ»ÔÄ»[1/3]Ô
Ä»[22m[39m


[2m Test Files [22m [1m[31m1 failed[39m[22m[90m (1)[39m
[2m      Tests [22m [1m[31m3 failed[39m[22m[90m (3)[39m
[2m   Start at [22m 11:14:40
[2m   Duration [22m 879ms

[1m[41m FAIL [49m[22m [31mTests failed. Watching for file changes...[39m
       [2mpress [22m[1mh[22m[2m to show help[22m[2m, [22m[2mpress [22m[1mq[22m[2m to quit[22m
c[3J[1m[44m RERUN [49m[22m [34m[2msrc/tests/i18n.test.tsx [22m[34mx5 [34m[39m
       [2m Filename pattern: [22m[34msrc/tests/i18n.test.tsx[39m

 [31mÔØ»[39m [30m[42m unit [49m[39m src/tests/i18n.test.tsx [2m([22m[2m3 tests[22m[2m | [22m[31m1 failed[39m[2m)[22m[32m 282[2mms[22m[39m
[31m     [31m├ù[31m Test 1 (Independencia): Cambiar idioma no debe afectar la moneda[39m[32m 249[2mms[22m[39m
     [32mÔ£ô[39m Test 2 (Cambio de Moneda): Seleccionar moneda actualiza cookie y precios[32m 16[2mms[22m[39m
     [32mÔ£ô[39m Test 2b (Cambio de Moneda a KRW)[32m 14[2mms[22m[39m

[31mÔÄ»ÔÄ»ÔÄ»ÔÄ»ÔÄ»ÔÄ»ÔÄ»[39m[1m[41m Failed Tests 1 
[49m[22m[31mÔÄ»ÔÄ»ÔÄ»ÔÄ»ÔÄ»ÔÄ»ÔÄ»[39m

[41m[1m FAIL [22m[49m [30m[42m unit [49m[39m src/tests/i18n.test.tsx[2m > 
[22mI18n & Currency Integration[2m > [22mTest 1 (Independencia): Cambiar idioma no 
debe afectar la moneda
[31m[1mError[22m: [2mexpect([22m[31melement[31m[2m).toHaveTextContent()[22m

Expected element to have text content:
[32m  MXN[31m
Received:
[31m  $2,050.00[31m[39m
[36m [2mÔØ»[22m src/tests/i18n.test.tsx:[2m96:53[22m[39m
    [90m 94| [39m        [90m// Verificar estado inicial[39m
    [90m 95| [39m        
expect(screen.getByTestId('currency-value')).toHaveTextContentÔÇª
    [90m 96| [39m        
expect(screen.getByTestId('price-display')).toHaveTextContent(ÔÇª
    [90m   | [39m                                                    [31m^[39m
    [90m 97| [39m
    [90m 98| [39m        [90m// Acci├│n: Cambiar idioma a Ingl├®s[39m

[31m[2mÔÄ»ÔÄ»ÔÄ»ÔÄ»ÔÄ»ÔÄ»ÔÄ»ÔÄ»ÔÄ»ÔÄ»ÔÄ»ÔÄ»ÔÄ»ÔÄ»ÔÄ»ÔÄ»ÔÄ»ÔÄ»ÔÄ»ÔÄ»ÔÄ»ÔÄ»ÔÄ»ÔÄ»[1/1]Ô
Ä»[22m[39m


[2m Test Files [22m [1m[31m1 failed[39m[22m[90m (1)[39m
[2m      Tests [22m [1m[31m1 failed[39m[22m[2m | [22m[1m[32m2 passed[39m[22m[90m (3)[39m
[2m   Start at [22m 11:15:31
[2m   Duration [22m 1.03s

[1m[41m FAIL [49m[22m [31mTests failed. Watching for file changes...[39m
       [2mpress [22m[1mh[22m[2m to show help[22m[2m, [22m[2mpress [22m[1mq[22m[2m to quit[22m
^C
